Linda@Linda-PC MINGW32 ~
$ cd c:

Linda@Linda-PC MINGW32 /c
$ git config --global user.name "jfeng03"

Linda@Linda-PC MINGW32 /c
$ git config --global user.name "jfeng03"

Linda@Linda-PC MINGW32 /c
$ git config --global user.email jianning.feng@gmail.com

Linda@Linda-PC MINGW32 /c
$ cd git

Linda@Linda-PC MINGW32 /c/git
$ git clone https://github.com/jfeng03/TestGit.git
Cloning into 'TestGit'...
warning: You appear to have cloned an empty repository.

Linda@Linda-PC MINGW32 /c/git
$ ls
TestGit/

Linda@Linda-PC MINGW32 /c/git
$ cd T*

Linda@Linda-PC MINGW32 /c/git/TestGit (master)
$ ls

Linda@Linda-PC MINGW32 /c/git/TestGit (master)
$ ls
test.txt

Linda@Linda-PC MINGW32 /c/git/TestGit (master)
$ git add test.txt

Linda@Linda-PC MINGW32 /c/git/TestGit (master)
$ ls
test.txt

Linda@Linda-PC MINGW32 /c/git/TestGit (master)
$ git status
On branch master

Initial commit

Changes to be committed:
  (use "git rm --cached <file>..." to unstage)

        new file:   test.txt


Linda@Linda-PC MINGW32 /c/git/TestGit (master)

Linda@Linda-PC MINGW32 /c/git/TestGit (master)
$ git commit -m "first commit" test.txt
[master (root-commit) 774d627] first commit
 1 file changed, 54 insertions(+)
 create mode 100644 test.txt

Linda@Linda-PC MINGW32 /c/git/TestGit (master)
$ git push -u origin master
Counting objects: 3, done.
Delta compression using up to 2 threads.
Compressing objects: 100% (2/2), done.
Writing objects: 100% (3/3), 546 bytes | 0 bytes/s, done.
Total 3 (delta 0), reused 0 (delta 0)
To https://github.com/jfeng03/TestGit.git
 * [new branch]      master -> master
Branch master set up to track remote branch master from origin.

Linda@Linda-PC MINGW32 /c/git/TestGit (branch1)
$ git push --set-upstream origin branch1
Total 0 (delta 0), reused 0 (delta 0)
To https://github.com/jfeng03/TestGit.git
 * [new branch]      branch1 -> branch1
Branch branch1 set up to track remote branch branch1 from origin.


Linda@Linda-PC MINGW32 /c/git/TestGit (branch1)
$ git status
On branch branch1
Your branch is up-to-date with 'origin/branch1'.
Changes not staged for commit:
  (use "git add <file>..." to update what will be committed)
  (use "git checkout -- <file>..." to discard changes in working directory)

        modified:   test.txt

no changes added to commit (use "git add" and/or "git commit -a")
